[bit2sky.com/index.html]
[backblue.gif]
[fade.gif]
[index.html]
[bit2sky.com/assets/images/logo.png]
[bit2sky.com/assets/images/favicon.webp]
[bit2sky.com/assets/css/bootstrap.min.css]
[bit2sky.com/assets/css/plugin.min.css]
[cdnjs.cloudflare.com/ajax/libs/font-awesome/6.5.2/css/all.min.css]
[bit2sky.com/cf-fonts/v/hanken-grotesk/5.0.18/latin/wght/normal.woff2]
[bit2sky.com/cf-fonts/v/hanken-grotesk/5.0.18/latin-ext/wght/normal.woff2]
[bit2sky.com/cf-fonts/v/hanken-grotesk/5.0.18/vietnamese/wght/normal.woff2]
[bit2sky.com/cf-fonts/v/hanken-grotesk/5.0.18/cyrillic-ext/wght/normal.woff2]
[bit2sky.com/cf-fonts/v/hanken-grotesk/5.0.18/cyrillic-ext/wght/italic.woff2]
[bit2sky.com/cf-fonts/v/hanken-grotesk/5.0.18/latin/wght/italic.woff2]
[bit2sky.com/cf-fonts/v/hanken-grotesk/5.0.18/vietnamese/wght/italic.woff2]
[bit2sky.com/cf-fonts/v/hanken-grotesk/5.0.18/latin-ext/wght/italic.woff2]
[bit2sky.com/cf-fonts/v/open-sans/5.0.20/cyrillic-ext/wght/normal.woff2]
[bit2sky.com/cf-fonts/v/open-sans/5.0.20/greek-ext/wght/normal.woff2]
[bit2sky.com/cf-fonts/v/open-sans/5.0.20/latin-ext/wght/normal.woff2]
[bit2sky.com/cf-fonts/v/open-sans/5.0.20/greek/wght/normal.woff2]
[bit2sky.com/cf-fonts/v/open-sans/5.0.20/cyrillic/wght/normal.woff2]
[bit2sky.com/cf-fonts/v/open-sans/5.0.20/hebrew/wght/normal.woff2]
[bit2sky.com/cf-fonts/v/open-sans/5.0.20/latin/wght/normal.woff2]
[bit2sky.com/cf-fonts/v/open-sans/5.0.20/vietnamese/wght/normal.woff2]
[bit2sky.com/cf-fonts/v/open-sans/5.0.20/hebrew/wght/italic.woff2]
[bit2sky.com/cf-fonts/v/open-sans/5.0.20/latin-ext/wght/italic.woff2]
[bit2sky.com/cf-fonts/v/open-sans/5.0.20/vietnamese/wght/italic.woff2]
[bit2sky.com/cf-fonts/v/open-sans/5.0.20/cyrillic-ext/wght/italic.woff2]
[bit2sky.com/cf-fonts/v/open-sans/5.0.20/greek/wght/italic.woff2]
[bit2sky.com/cf-fonts/v/open-sans/5.0.20/greek-ext/wght/italic.woff2]
[bit2sky.com/cf-fonts/v/open-sans/5.0.20/latin/wght/italic.woff2]
[bit2sky.com/cf-fonts/v/open-sans/5.0.20/cyrillic/wght/italic.woff2]
[bit2sky.com/assets/css/style.css]
[bit2sky.com/assets/css/responsive.css]
[bit2sky.com/assets/css/style_new.css]
[bit2sky.com/assets/css/style_responsive_new.css]
[bit2sky.com/services.html]
[bit2sky.com/cloud-software-solutions.html]
[bit2sky.com/digital-healthcare-innovations.html]
[bit2sky.com/custom-web-applications.html]
[bit2sky.com/cyber-security.html]
[bit2sky.com/it-infrastructure-and-devops.html]
[bit2sky.com/seamless-it-transition-services.html]
[bit2sky.com/e-commerce-solutions-for-businesses-consumers.html]
[bit2sky.com/innovative-product-roadmapping.html]
[bit2sky.com/digital-evolution-solutions.html]
[bit2sky.com/art-of-the-possible.html]
[bit2sky.com/dynamic-content-ecosystems.html]
[bit2sky.com/comprehensive-it-management.html]
[bit2sky.com/technology-empowerment-solutions.html]
[bit2sky.com/industries.html]
[bit2sky.com/government-it-solutions.html]
[bit2sky.com/healthcare-technology-innovations.html]
[bit2sky.com/financial-it-solutions.html]
[bit2sky.com/industrial-tech-and-distribution-systems.html]
[bit2sky.com/legal-sector-technology-services.html]
[bit2sky.com/educational-it-enhancements.html]
[bit2sky.com/non-profit-and-association-it-solutions.html]
[bit2sky.com/portfolio.html]
[bit2sky.com/intelligent-document-management-using-machine-learning.html]
[bit2sky.com/share-point-implementation-and-customization.html]
[bit2sky.com/electronic-medical-administration-records.html]
[bit2sky.com/mental-and-behavioral-health-electronic-health-record.html]
[bit2sky.com/incident-management.html]
[bit2sky.com/share-point-document-management-solutions.html]
[bit2sky.com/about.html]
[bit2sky.com/blog.html]
[bit2sky.com/platform-solution.html]
[bit2sky.com/scalable-cloud-platforms.html]
[bit2sky.com/dynamic-content-platforms.html]
[bit2sky.com/intelligent-ai-and-ml-platforms.html]
[bit2sky.com/e-commerce-solutions-platform.html]
[bit2sky.com/smart-automation-systems.html]
[bit2sky.com/big-data-analytics-platforms.html]
[bit2sky.com/healthcare-innovation-platforms.html]
[bit2sky.com/contact.html]
[bit2sky.com/cdn-cgi/l/email-protection.51.delayed]
[bit2sky.com/cdn-cgi/scripts/5c5dd728/cloudflare-static/email-decode.min.js]
[js.hsforms.net/forms/embed/v2.js]
[bit2sky.com/assets/images/icons/call.svg]
[bit2sky.com/assets/images/icons/mail.svg]
[bit2sky.com/assets/images/icons/map.svg]
[bit2sky.com/assets/images/hero/hero-image-1.png]
[bit2sky.com/assets/images/client/Vesta.png]
[bit2sky.com/assets/images/client/Epic.png]
[bit2sky.com/assets/images/client/csaac.png]
[bit2sky.com/assets/images/client/LH.png]
[bit2sky.com/assets/images/service/servc-1.jpg.png]
[bit2sky.com/assets/images/service/servc-2.jpg.png]
[bit2sky.com/assets/images/service/servc-3.jpg.png]
[bit2sky.com/assets/images/expert/expart-1.png]
[bit2sky.com/assets/images/expert/expart-3.png]
[bit2sky.com/assets/images/icons/whatsapp.svg]
[bit2sky.com/assets/images/icons/computers.svg]
[bit2sky.com/assets/images/icons/worker-1.png]
[bit2sky.com/assets/images/icons/worker.svg]
[bit2sky.com/assets/images/other/lead-about.png.png]
[bit2sky.com/assets/images/client/gsa-mas.png]
[bit2sky.com/assets/images/client/sba.png]
[bit2sky.com/assets/images/client/swam.png]
[bit2sky.com/assets/images/user-thumb/Testimonials_Jignesh Dalal.webp]
[bit2sky.com/assets/images/user-thumb/Testimonials_Robert Tyndall.webp]
[bit2sky.com/assets/images/user-thumb/Testimonials_Clarissa Mitchel.webp]
[bit2sky.com/blog-details/how-cloud-software-is-changing-the-face-of-modern-workplaces.html]
[bit2sky.com/storage/64/677fc26818631_Untitled-design-(21).jpg]
[bit2sky.com/blog/cloud-computing-and-business-transformation.html]
[bit2sky.com/blog-details/the-future-of-work-innovative-strategies-for-rapid-industry-change.html]
[bit2sky.com/storage/63/67751fc8d645e_f.jpg]
[bit2sky.com/blog/digital-transformation.html]
[bit2sky.com/blog-details/reducing-human-errors-why-intelligent-document-management-matters-in-the-age-of-ai.html]
[bit2sky.com/storage/62/6749b3432e1d3_IDM.jpg]
[bit2sky.com/blog/business.html]
[bit2sky.com/assets/images/logo-2.png]
[bit2sky.com/assets/images/white-logo.png]
[bit2sky.com/assets/js/vendor/modernizr-3.5.0.min.js]
[cdn.jsdelivr.net/jquery.validation/1.16.0/jquery.validate.min.js]
[bit2sky.com/assets/js/jquery.min.js]
[bit2sky.com/assets/js/bootstrap.bundle.min.js]
[bit2sky.com/assets/js/main.js]
[bit2sky.com/assets/js/plugin.min.js]
[bit2sky.com/js/custom.js]
[www.google.com/recaptcha/apie8af.js]
[bit2sky.com/cdn-cgi/scripts/7d0fa10a/cloudflare-static/rocket-loader.min.js]
[bit2sky.com/js/custom_new.js]
[bit2sky.com/index.html]
[bit2sky.com/assets/css/bootstrap.min.css]
[bit2sky.com/cdn-cgi/challenge-platform/h/g/scripts/jsd/ea2d291c0fdc/maind41d.js]
[bit2sky.com/assets/css/plugin.min.css]
[cdnjs.cloudflare.com/ajax/libs/font-awesome/6.5.2/css/all.min.css]
[bit2sky.com/cf-fonts/v/open-sans/5.0.20/greek/wght/normal.html]
[bit2sky.com/cf-fonts/v/open-sans/5.0.20/hebrew/wght/normal.html]
[bit2sky.com/cf-fonts/v/open-sans/5.0.20/vietnamese/wght/normal.html]
[bit2sky.com/cf-fonts/v/open-sans/5.0.20/cyrillic/wght/normal.html]
[bit2sky.com/cf-fonts/v/open-sans/5.0.20/latin/wght/normal.html]
[bit2sky.com/cf-fonts/v/open-sans/5.0.20/cyrillic-ext/wght/normal.html]
[bit2sky.com/cf-fonts/v/open-sans/5.0.20/greek-ext/wght/normal.html]
[bit2sky.com/cf-fonts/v/open-sans/5.0.20/latin-ext/wght/normal.html]
[bit2sky.com/assets/css/owl.video.play.html]
[bit2sky.com/assets/images/shape/shape-12.svg]
[bit2sky.com/assets/images/hero/banner-shap-2.png]
[bit2sky.com/assets/images/shape/dot_bg.png]
[bit2sky.com/assets/images/shape/shape-1.svg]
[bit2sky.com/assets/images/shape/shape-2.svg]
[bit2sky.com/assets/images/shape/dot-shape.png]
[bit2sky.com/assets/images/shape/shape-7.svg]
[bit2sky.com/assets/images/service/service-img-1.png]
[bit2sky.com/assets/images/service/service-img-2.png]
[bit2sky.com/assets/images/service/service-img-3.png]
[bit2sky.com/assets/images/service/service-img-4.png]
[bit2sky.com/assets/images/icons/up-arrow.svg]
[bit2sky.com/assets/images/shape/shape-1.png]
[bit2sky.com/assets/images/shape/shape-2.png]
[bit2sky.com/assets/images/shape/shape-9.svg]
[bit2sky.com/assets/images/banner/banner-shap-2.png]
[bit2sky.com/assets/images/banner/2.jpg]
[bit2sky.com/assets/images/banner/5.jpg]
[bit2sky.com/assets/images/banner/6.jpg]
[bit2sky.com/assets/images/banner/7.jpg]
[bit2sky.com/assets/images/banner/4.jpg]
[bit2sky.com/assets/images/icons/404.svg]
[bit2sky.com/assets/images/hero/bg-gradient-new.png]
[bit2sky.com/assets/images/shape/hero-shape.svg]
[bit2sky.com/assets/images/shape/bg-light2.png]
[bit2sky.com/assets/images/shape/wave-bg.png]
[bit2sky.com/assets/images/hero/wave-hero.svg]
[bit2sky.com/assets/images/shape/bg-rectangles-.png]
[bit2sky.com/assets/images/icons/sun.svg]
[bit2sky.com/assets/images/icons/moon.svg]
[bit2sky.com/assets/images/shape/bg-glass.jpg]
[bit2sky.com/assets/images/shape/tt-work-bg.jpg]
[bit2sky.com/assets/images/shape/shape-f.png]
[bit2sky.com/assets/images/shape/stars.svg]
[bit2sky.com/assets/images/shape/bg-gradient.jpg]
[bit2sky.com/assets/css/style.css]
[bit2sky.com/assets/images/hero/freelancer.png]
[bit2sky.com/assets/css/responsive.css]
[bit2sky.com/assets/images/icons/award-bg-1.png]
[bit2sky.com/assets/images/icons/award-bg-2.png]
[bit2sky.com/assets/images/hero/bg-gradient-new-1.png]
[bit2sky.com/assets/css/style_new.css]
[bit2sky.com/assets/css/style_responsive_new.css]
[bit2sky.com/assets/images/other/header-bg-2.png]
[bit2sky.com/assets/images/other/about-img-2.png]
[bit2sky.com/assets/images/icons/stack-icon1.png]
[bit2sky.com/assets/images/icons/stack-icon2.png]
[bit2sky.com/assets/images/icons/stack-icon3.png]
[bit2sky.com/assets/images/icons/stack-icon4.png]
[bit2sky.com/assets/images/icons/stack-icon5.png]
[bit2sky.com/assets/images/icons/stack-icon6.png]
[bit2sky.com/assets/images/other/leadership-img-1.png]
[bit2sky.com/assets/images/other/leadership-img-2.png]
[bit2sky.com/assets/images/other/leadership-img-3.png]
[bit2sky.com/assets/images/other/leadership-img-4.png]
[bit2sky.com/services.html]
[bit2sky.com/assets/images/service/digitalmarketing.png]
[bit2sky.com/cloud-software-solutions.html]
[bit2sky.com/assets/images/service/mob-service-item4.png]
[bit2sky.com/digital-healthcare-innovations.html]
[bit2sky.com/assets/images/hero/hero-image.png]
[bit2sky.com/assets/images/icons/icon-1.png]
[bit2sky.com/assets/images/icons/icon-2.png]
[bit2sky.com/assets/images/icons/icon-3.png]
[bit2sky.com/assets/images/icons/icon-4.png]
[bit2sky.com/assets/images/icons/icon-5.png]
[bit2sky.com/assets/images/icons/icon-6.png]
[bit2sky.com/assets/images/icons/icon-7.png]
[bit2sky.com/assets/images/icons/icon-8.png]
[bit2sky.com/assets/images/icons/icon-9.png]
[bit2sky.com/assets/images/icons/icon-10.png]
[bit2sky.com/assets/images/icons/icon-11.png]
[bit2sky.com/assets/images/icons/icon-12.png]
[bit2sky.com/assets/images/about/hellopic.png]
[bit2sky.com/custom-web-applications.html]
[bit2sky.com/cyber-security.html]
[bit2sky.com/it-infrastructure-and-devops.html]
[bit2sky.com/assets/images/about/company-about.png]
[bit2sky.com/assets/images/icons/research.svg]
[bit2sky.com/assets/images/icons/chat.svg]
[bit2sky.com/assets/images/icons/monitor.svg]
[bit2sky.com/assets/images/about/lead-pic.png]
[bit2sky.com/seamless-it-transition-services.html]
[bit2sky.com/e-commerce-solutions-for-businesses-consumers.html]
[bit2sky.com/assets/images/about/about-service.png]
[bit2sky.com/assets/images/icons/logo-and-branding.svg]
[bit2sky.com/assets/images/icons/service2.svg]
[bit2sky.com/assets/images/icons/service3.svg]
[bit2sky.com/innovative-product-roadmapping.html]
[bit2sky.com/digital-evolution-solutions.html]
[bit2sky.com/assets/images/icons/service4.svg]
[bit2sky.com/assets/images/about/about-service-img-1.png]
[bit2sky.com/art-of-the-possible.html]
[bit2sky.com/assets/images/about/about-service-img-2.png]
[bit2sky.com/dynamic-content-ecosystems.html]
[bit2sky.com/assets/images/about/about-service-img-3.png]
[bit2sky.com/comprehensive-it-management.html]
[bit2sky.com/assets/images/about/about-service-img-4.png]
[bit2sky.com/technology-empowerment-solutions.html]
[bit2sky.com/industries.html]
[bit2sky.com/assets/images/about/about-service-img-5.png]
[bit2sky.com/government-it-solutions.html]
[bit2sky.com/assets/images/about/about-service-img-6.png]
[bit2sky.com/healthcare-technology-innovations.html]
[bit2sky.com/assets/images/about/about-service-img-7.png]
[bit2sky.com/financial-it-solutions.html]
[bit2sky.com/assets/images/about/about-service-img-8.png]
[bit2sky.com/industrial-tech-and-distribution-systems.html]
[bit2sky.com/assets/images/about/about-service-img-9.png]
[bit2sky.com/legal-sector-technology-services.html]
[bit2sky.com/assets/images/about/about-service-img-10.png]
[bit2sky.com/educational-it-enhancements.html]
[bit2sky.com/non-profit-and-association-it-solutions.html]
[bit2sky.com/assets/images/portfolio/portfolio-machine-learning.webp]
[bit2sky.com/assets/images/portfolio/portfolio-healthcare.webp]
[bit2sky.com/assets/images/portfolio/portfolio-seniorcare.webp]
[bit2sky.com/assets/images/portfolio/portfolio-non-profit-organization.webp]
[bit2sky.com/portfolio.html]
[bit2sky.com/assets/images/icons/vision.png]
[bit2sky.com/assets/images/icons/mountain.png]
[bit2sky.com/intelligent-document-management-using-machine-learning.html]
[bit2sky.com/share-point-implementation-and-customization.html]
[bit2sky.com/electronic-medical-administration-records.html]
[bit2sky.com/mental-and-behavioral-health-electronic-health-record.html]
[bit2sky.com/incident-management.html]
[bit2sky.com/share-point-document-management-solutions.html]
[bit2sky.com/assets/images/icons/trasparency.svg]
[bit2sky.com/assets/images/other/header-bg-1.png]
[bit2sky.com/assets/images/other/about-img-1.png]
[bit2sky.com/assets/images/other/team-1.png]
[bit2sky.com/assets/images/other/team-2.png]
[bit2sky.com/assets/images/other/team-4.png]
[bit2sky.com/assets/images/other/team-3.png]
[bit2sky.com/about.html]
[bit2sky.com/blog-details/improving-patient-outcomes-with-ehrs-in-behavioral-health-what-you-need-to-know.html]
[bit2sky.com/storage/61/67402bf26f1fe_EHRs.jpg]
[bit2sky.com/blog/digital-health-innovations.html]
[bit2sky.com/storage/60/673c622984acb_Art-of-the-Possible.jpg]
[bit2sky.com/blog-details/the-art-of-the-possible-redefining-business-growth-with-emerging-tech.html]
[bit2sky.com/blog/innovation-business-growth.html]
[bit2sky.com/storage/59/673c5db982137_Technology-Empowerment-Solutions-(1).jpg]
[bit2sky.com/blog-details/building-digital-resilience-with-technology-empowerment-solutions.html]
[bit2sky.com/blog/digital-transformation-and-business-resilience.html]
[bit2sky.com/storage/58/673c58fe786ab_AR.jpg]
[bit2sky.com/blog-details/the-role-of-augmented-reality-in-enhancing-retail-experiences.html]
[bit2sky.com/blog/retail-technology-innovation.html]
[bit2sky.com/blog-details/digital-transformation-simplified-unlocking-growth-through-custom-it-solutions.html]
[bit2sky.com/storage/57/673c557ab0e23_IT.jpg]
[bit2sky.com/blog-details/how-emerging-technologies-are-shaping-the-future-of-public-services.html]
[bit2sky.com/storage/56/673c3edfe7981_Public.png]
[bit2sky.com/blog/public-sector-innovation.html]
[bit2sky.com/blog2679.html]
[bit2sky.com/blog4658.html]
[bit2sky.com/blog9ba9.html]
[bit2sky.com/blog.html]
[bit2sky.com/blogfdb0.html]
[bit2sky.com/assets/images/icons/startup.svg]
[bit2sky.com/assets/images/icons/team.svg]
[bit2sky.com/assets/images/icons/mobile.svg]
[bit2sky.com/assets/images/icons/world.svg]
[bit2sky.com/assets/images/icons/deal.svg]
[bit2sky.com/assets/images/icons/platform_logos/Logo_LOGIC APPS.webp]
[bit2sky.com/assets/images/icons/platform_logos/Logo_BIZTALK.webp]
[bit2sky.com/assets/images/icons/platform_logos/Logo_MULESOFT.webp]
[bit2sky.com/assets/images/icons/platform_logos/Logo_MICROSOFT DYNAMICS.webp]
[bit2sky.com/assets/images/icons/platform_logos/Logo_NETSUITE-.webp]
[bit2sky.com/assets/images/icons/platform_logos/Logo_SAP.webp]
[bit2sky.com/assets/images/icons/platform_logos/Logo_ORACLE.webp]
[bit2sky.com/assets/images/icons/platform_logos/Logo_POWERBI.webp]
[bit2sky.com/assets/images/icons/platform_logos/Logo_TABLEAU.webp]
[bit2sky.com/assets/images/icons/platform_logos/Logo_AZURE DATA FACTORY.webp]
[bit2sky.com/assets/images/icons/platform_logos/Logo_APACHE HADOOP.webp]
[bit2sky.com/assets/images/icons/platform_logos/Logo_APACHE SPARK.webp]
[bit2sky.com/assets/images/icons/platform_logos/Logo_SHAREPOINT.webp]
[bit2sky.com/assets/images/icons/platform_logos/Logo_WORDPRESS.webp]
[bit2sky.com/assets/images/icons/platform_logos/Logo_HEADLESS CMS.webp]
[bit2sky.com/assets/images/icons/platform_logos/Logo_GOOGLE CLOUD.webp]
[bit2sky.com/assets/images/icons/platform_logos/Logo_AWS.webp]
[bit2sky.com/assets/images/icons/platform_logos/Logo_MS AZURE.webp]
[bit2sky.com/assets/images/icons/house.svg]
[bit2sky.com/assets/images/icons/travel-case.svg]
[bit2sky.com/assets/images/icons/video-tutorials.svg]
[bit2sky.com/assets/images/icons/taxi.svg]
[bit2sky.com/assets/images/icons/event.svg]
[bit2sky.com/assets/images/icons/smartphone.svg]
[bit2sky.com/assets/images/icons/joystick.svg]
[bit2sky.com/assets/images/icons/healthcare.svg]
[bit2sky.com/assets/images/icons/money-growth.svg]
[bit2sky.com/assets/images/icons/baker.svg]
[bit2sky.com/assets/images/icons/mobile-app.svg]
[bit2sky.com/platform-solution.html]
[bit2sky.com/assets/images/icons/groceries.svg]
[bit2sky.com/assets/images/hero/about-service-img-11.png]
[bit2sky.com/assets/images/icons/microsoft-azure.png]
[bit2sky.com/assets/images/icons/aws.png]
[bit2sky.com/assets/images/icons/google-cloud.png]
[bit2sky.com/scalable-cloud-platforms.html]
[bit2sky.com/case-studies.html]
[bit2sky.com/assets/images/about/about-service-img-20.png]
[bit2sky.com/assets/images/icons/microsoft-sharepoint.png]
[bit2sky.com/assets/images/icons/wordpress.png]
[bit2sky.com/assets/images/icons/hubspot.png]
[bit2sky.com/dynamic-content-platforms.html]
[bit2sky.com/assets/images/hero/digital-marketing.png]
[bit2sky.com/assets/images/hero/leads-hero.png]
[bit2sky.com/intelligent-ai-and-ml-platforms.html]
[bit2sky.com/assets/images/about/about-service-img-17.png]
[bit2sky.com/assets/images/icons/big-commerce.png]
[bit2sky.com/assets/images/icons/shopify.png]
[bit2sky.com/assets/images/icons/magento.png]
[bit2sky.com/e-commerce-solutions-platform.html]
[bit2sky.com/assets/images/about/about-service-img-18.png]
[bit2sky.com/assets/images/icons/ui-path.png]
[bit2sky.com/assets/images/icons/microsoft-power-automate.png]
[bit2sky.com/smart-automation-systems.html]
[bit2sky.com/assets/images/about/about-service-img-19.png]
[bit2sky.com/assets/images/icons/etl.png]
[bit2sky.com/assets/images/icons/Data warehouse.png]
[bit2sky.com/assets/images/icons/Business intelligence.png]
[bit2sky.com/big-data-analytics-platforms.html]
[bit2sky.com/assets/images/about/about-service-img-14.png]
[bit2sky.com/assets/images/icons/Electronic Health Records.png]
[bit2sky.com/assets/images/icons/patient-portal-icon.png]
[bit2sky.com/healthcare-innovation-platforms.html]
[bit2sky.com/assets/images/location/india-img.png]
[bit2sky.com/assets/images/location/USA Address.png]
[bit2sky.com/contact.html]
[bit2sky.com/cdn-cgi/l/email-protection.html]
[bit2sky.com/assets/images/icons/call.svg]
[bit2sky.com/assets/images/icons/mail.svg]
[bit2sky.com/assets/images/icons/map.svg]
[bit2sky.com/assets/images/icons/whatsapp.svg]
[bit2sky.com/assets/images/icons/computers.svg]
[bit2sky.com/assets/images/icons/worker.svg]
[bit2sky.com/assets/images/blog/strategy-guide.jpg]
[bit2sky.com/blog/education.html]
[bit2sky.com/blog/financial-services.html]
[bit2sky.com/blog/healthcare.html]
[bit2sky.com/blog/government.html]
[bit2sky.com/blog/cyber-security.html]
[bit2sky.com/blog/saas.html]
[bit2sky.com/blog/industrial-tech-and-distribution-systems.html]
[bit2sky.com/blog/legal-technology-and-innovation.html]
[bit2sky.com/blog/educational-technology.html]
[bit2sky.com/blog/non-profit-and-association-it-solutions.html]
[bit2sky.com/blog/financial-it-solutions.html]
[bit2sky.com/blog-details/how-cloud-software-is-changing-the-face-of-modern-workplaces.html]
[bit2sky.com/blog/cloud-computing-and-business-transformation.html]
[bit2sky.com/blog-details/the-future-of-work-innovative-strategies-for-rapid-industry-change.html]
[bit2sky.com/blog/digital-transformation.html]
[bit2sky.com/blog-details/reducing-human-errors-why-intelligent-document-management-matters-in-the-age-of-ai.html]
[bit2sky.com/blog/it-infrastructure-and-devops.html]
[bit2sky.com/blog-details/the-impact-of-product-strategy-consulting.html]
[bit2sky.com/storage/26/667e86baa687e_Untitled.png]
[bit2sky.com/blog-details/boosting-business-efficiency-and-sales-with-digital-transformation.html]
[bit2sky.com/storage/28/668cfe7ce04b9_bs.png]
[bit2sky.com/blog-details/how-ai-and-generative-ai-are-revolutionizing-smart-automation-systems.html]
[bit2sky.com/storage/31/66a32de7cdde9_image-(1).png]
[bit2sky.com/blog-details/embrace-the-advantages-of-custom-application-software.html]
[bit2sky.com/storage/33/66ab21142e073_image-(1).png]
[bit2sky.com/blog-details/enhancing-collaboration-and-efficiency-with-dynamic-content-ecosystems.html]
[bit2sky.com/storage/41/66c57899ba6ed_Untitled-2-(1).jpg]
[bit2sky.com/blog-details/enhancing-data-accessibility-and-decision-making-with-intelligent-document-management.html]
[bit2sky.com/storage/40/66c570e944830_Untitled-2.jpg]
[bit2sky.com/blog-details/custom-healthcare-software-development-services-transforming-the-future-of-healthcare.html]
[bit2sky.com/storage/54/670e11bd5d9d4_1-(2).jpg]
[bit2sky.com/blog/business.html]
[bit2sky.com/assets/css/owl.video.play.html]
[bit2sky.com/assets/images/shape/shape-12.svg]
[bit2sky.com/assets/images/shape/shape-1.svg]
[bit2sky.com/assets/images/shape/shape-2.svg]
[bit2sky.com/assets/images/shape/shape-7.svg]
[bit2sky.com/assets/images/shape/shape-9.svg]
[bit2sky.com/assets/images/icons/up-arrow.svg]
[bit2sky.com/assets/images/icons/404.svg]
[bit2sky.com/assets/images/shape/hero-shape.svg]
[bit2sky.com/assets/images/hero/wave-hero.svg]
[bit2sky.com/assets/images/icons/sun.svg]
[bit2sky.com/assets/images/icons/moon.svg]
[bit2sky.com/assets/images/shape/stars.svg]
[bit2sky.com/assets/images/icons/research.svg]
[bit2sky.com/assets/images/icons/chat.svg]
[bit2sky.com/assets/images/icons/monitor.svg]
[bit2sky.com/assets/images/icons/logo-and-branding.svg]
[bit2sky.com/assets/images/icons/service2.svg]
[bit2sky.com/assets/images/icons/service3.svg]
[bit2sky.com/assets/images/icons/service4.svg]
[bit2sky.com/assets/images/about/about-service-img-9.html]
[bit2sky.com/assets/images/icons/trasparency.svg]
[bit2sky.com/blog-details/improving-patient-outcomes-with-ehrs-in-behavioral-health-what-you-need-to-know.html]
[bit2sky.com/blog/digital-health-innovations.html]
[bit2sky.com/blog-details/the-art-of-the-possible-redefining-business-growth-with-emerging-tech.html]
[bit2sky.com/blog/innovation-business-growth.html]
[bit2sky.com/blog-details/building-digital-resilience-with-technology-empowerment-solutions.html]
[bit2sky.com/blog/digital-transformation-and-business-resilience.html]
[bit2sky.com/blog-details/the-role-of-augmented-reality-in-enhancing-retail-experiences.html]
[bit2sky.com/blog/retail-technology-innovation.html]
[bit2sky.com/blog-details/digital-transformation-simplified-unlocking-growth-through-custom-it-solutions.html]
[bit2sky.com/blog-details/how-emerging-technologies-are-shaping-the-future-of-public-services.html]
[bit2sky.com/blog/public-sector-innovation.html]
[bit2sky.com/blog2679.html]
[bit2sky.com/blog-details/building-a-resilient-it-infrastructure-the-role-of-devops-in-driving-efficiency-and-agility.html]
[bit2sky.com/storage/55/671b747e75f0e_image-(8).png]
[bit2sky.com/storage/48/670cdf34f0831_image-(4).png]
[bit2sky.com/blog4658.html]
[bit2sky.com/blog9ba9.html]
[bit2sky.com/blog-details/why-you-should-have-a-digital-transformation-strategy-in-2024.html]
[bit2sky.com/storage/19/66323df303e7c_662600a546568_digital-transformation-strategy.png]
[bit2sky.com/blogfdb0.html]
[bit2sky.com/assets/images/icons/startup.svg]
[bit2sky.com/assets/images/icons/team.svg]
[bit2sky.com/assets/images/icons/mobile.svg]
[bit2sky.com/assets/images/icons/world.svg]
[bit2sky.com/assets/images/icons/deal.svg]
[bit2sky.com/assets/images/icons/house.svg]
[bit2sky.com/assets/images/icons/travel-case.svg]
[bit2sky.com/assets/images/icons/video-tutorials.svg]
[bit2sky.com/assets/images/icons/taxi.svg]
[bit2sky.com/assets/images/icons/event.svg]
[bit2sky.com/assets/images/icons/smartphone.svg]
[bit2sky.com/assets/images/icons/joystick.svg]
[bit2sky.com/assets/images/icons/healthcare.svg]
[bit2sky.com/assets/images/icons/money-growth.svg]
[bit2sky.com/assets/images/icons/baker.svg]
[bit2sky.com/assets/images/icons/mobile-app.svg]
[bit2sky.com/assets/images/icons/groceries.svg]
[bit2sky.com/healthcare-success-stories.html]
[bit2sky.com/assets/images/portfolio/Epic.jpg]
[bit2sky.com/assets/images/portfolio/app-img2.jpg]
[bit2sky.com/assets/images/portfolio/Vesta.jpg]
[bit2sky.com/assets/images/portfolio/app-img4.jpg]
[bit2sky.com/case-studies.html]
[bit2sky.com/blog/education.html]
[bit2sky.com/blog/financial-services.html]
[bit2sky.com/blog/healthcare.html]
[bit2sky.com/blog/government.html]
[bit2sky.com/blog/cyber-security.html]
[bit2sky.com/blog/saas.html]
[bit2sky.com/blog/industrial-tech-and-distribution-systems.html]
[bit2sky.com/blog/legal-technology-and-innovation.html]
[bit2sky.com/blog/educational-technology.html]
[bit2sky.com/blog/non-profit-and-association-it-solutions.html]
[bit2sky.com/blog/financial-it-solutions.html]
[bit2sky.com/blog/it-infrastructure-and-devops.html]
[bit2sky.com/blog-details/the-impact-of-product-strategy-consulting.html]
[bit2sky.com/blog-details/boosting-business-efficiency-and-sales-with-digital-transformation.html]
[bit2sky.com/blog-details/how-ai-and-generative-ai-are-revolutionizing-smart-automation-systems.html]
[bit2sky.com/blog-details/embrace-the-advantages-of-custom-application-software.html]
[bit2sky.com/blog-details/enhancing-collaboration-and-efficiency-with-dynamic-content-ecosystems.html]
[bit2sky.com/blog-details/enhancing-data-accessibility-and-decision-making-with-intelligent-document-management.html]
[bit2sky.com/blog-details/custom-healthcare-software-development-services-transforming-the-future-of-healthcare.html]
[bit2sky.com/storage/54/670e11bd5d9d4_1-(2).jpg]
[bit2sky.com/storage/53/670e10ac1071a_Top-Trends-in-Custom-Business-Software-Development.jpg]
[bit2sky.com/blog-details/building-a-resilient-it-infrastructure-the-role-of-devops-in-driving-efficiency-and-agility.html]
[bit2sky.com/Users/Bhavi/Downloads/brandbrainy___CAqYzusgPPx___.html]
[bit2sky.com/blog-details/how-fintech-startups-are-disrupting-traditional-financial-systems-with-it-solutions]
[bit2sky.com/blog-details/advanced-technology-solutions-for-non-profits-fueling-mission-growth]
[bit2sky.com/storage/46/66fa250ef2867_image-(3).png]
[bit2sky.com/blog-details/custom-business-software-development-the-key-to-scaling-your-business]
[bit2sky.com/storage/43/66ea7cc1a0c1f_image-(1).png]
[bit2sky.com/blog-details/the-digital-evolution-of-legal-sector-services-document-management-and-e-discovery]
[bit2sky.com/storage/45/66f655cf67178_image-(2).png]
[bit2sky.com/storage/42/66d7e32d947c9_image.png]
[bit2sky.com/storage/25/667524d72f96c_saas.png]
[bit2sky.com/blog-details/achieving-seamless-integration-industrial-tech-innovations-in-distribution-systems]
[bit2sky.com/blog-details/transforming-education-how-lms-systems-are-revolutionizing-learning-management]
[bit2sky.com/storage/23/66751354731c4_cyber-security.png]
[bit2sky.com/blog-details/innovative-saas-development-techniques-and-case-studies]
[bit2sky.com/storage/22/666972eaad10a_Comprehensive-Healthcare-Software-Development-Services-.png]
[bit2sky.com/storage/15/66323d4412fc7_662b44cf09c8b_662b375119ab0_national-cancer-institute-NFvdKIhxYlU-unsplash-1-(1).jpg]
[bit2sky.com/blog-details/3-benefits-of-the-onc-certification]
[bit2sky.com/blog-details/cyber-security-threats-2024-key-risks-and-solutions]
[bit2sky.com/blog-details/comprehensive-healthcare-software-development-services-bit2sky]
[bit2sky.com/storage/12/66323c9eef800_662b44bbdf11d_662b36939b447_home-blog-img-3.jpg]
[bit2sky.com/storage/13/66323cb454438_662b449ae1168_662b35247e659_home-blog-img-1.jpg]
[bit2sky.com/storage/17/66323d6a5604e_66307f083cdbf_662b3419b7f6b_Impact-of-Corona-and-Social-Distancing-in-Operations-1024x682-1-(1).jpg]
[bit2sky.com/blog-details/design-thinking-in-electronic-health-record-ehr]
[bit2sky.com/storage/18/66323d8a58868_662b4465a3a75_COVID-19-Impact-on-Disability-Health-Services-1024x813-1-(1).jpg]
[bit2sky.com/blog-details/impact-of-corona-and-social-distancing-in-operations]
[bit2sky.com/blog-details/why-you-should-have-a-digital-transformation-strategy-in-2024.html]
[bit2sky.com/blog-details/how-to-get-the-most-out-of-microsoft-365]
[bit2sky.com/blog-details/covid-19-impact-on-disability-health-services]
[bit2sky.com/assets/images/icons/download.png]
[bit2sky.com/assets/images/case-study/Case study_CSAAC.webp]
[bit2sky.com/assets/images/case-study/Case study_Zcare.webp]
[bit2sky.com/healthcare-success-stories.html]
[bit2sky.com/blog-details/custom-business-software-development-the-key-to-scaling-your-business]
[bit2sky.com/Users/Bhavi/Downloads/brandbrainy___CAqYzusgPPx___.html]
[bit2sky.com/blog-details/how-fintech-startups-are-disrupting-traditional-financial-systems-with-it-solutions]
[bit2sky.com/blog-details/advanced-technology-solutions-for-non-profits-fueling-mission-growth]
[bit2sky.com/blog-details/the-digital-evolution-of-legal-sector-services-document-management-and-e-discovery]
[bit2sky.com/blog-details/transforming-education-how-lms-systems-are-revolutionizing-learning-management]
[bit2sky.com/blog-details/achieving-seamless-integration-industrial-tech-innovations-in-distribution-systems]
[bit2sky.com/blog-details/innovative-saas-development-techniques-and-case-studies]
[bit2sky.com/blog-details/cyber-security-threats-2024-key-risks-and-solutions]
[bit2sky.com/blog-details/comprehensive-healthcare-software-development-services-bit2sky]
[bit2sky.com/blog-details/3-benefits-of-the-onc-certification]
[bit2sky.com/blog-details/design-thinking-in-electronic-health-record-ehr]
[bit2sky.com/blog-details/how-to-get-the-most-out-of-microsoft-365]
[bit2sky.com/blog-details/impact-of-corona-and-social-distancing-in-operations]
[bit2sky.com/blog-details/covid-19-impact-on-disability-health-services]
